## /home/matthias/Downloads/Coreform-Cubit-2025.8/bin/coreform_cubit
## Coreform Cubit Version 2025.8
## Coreform Cubit Build 8a4fb806
## Revised Wed Aug 20 10:48:33 2025 -0600
## Running 03/30/2026 08:23:27 
## Command Options:
undo on
#!python
import cubit

# Clear any existing geometry
cubit.cmd("reset")

# --- PARAMETERS ---
# Concrete Slab
slab_w = 500.0        # Width (x and z)
slab_h = 160.0        # Total height (y)

# Borehole & Mortar
hole_r = 9.0          # Borehole radius
hole_d = 55.0         # Borehole depth
anchor_d = 50.0       # Depth of the anchor within the borehole (must be <= hole_d)

# Refinement Region
refine_r = 120.0       # Radius of the inner refined concrete region

# Steel Anchor
anchor_r = 8.0        # Anchor radius
anchor_free_h = 16.0  # Anchor height above the concrete slab

# Steel Plate
plate_w = 64.0        # Plate width (x and z)
plate_h = 16.0        # Plate thickness (y)
#webcut plate at y = plate_h/3.0
plate_cut_h = plate_h / 3.0

# Mesh Parameters
mesh_size_steel = 4.0
mesh_size_concrete_inner = 6.0
mesh_size_concrete_outer = 24.0


# Chalice Domain Parameters
y_bot = -hole_d * 1.0
y_top = 0
dy = y_top - y_bot  # 10.0
R_bot = 4 * hole_r         # Radius at the bottom of the chalice
dR = refine_r * 1.2            # Radius expansion amount at the top


# --- GEOMETRY CREATION ---

# 1. Concrete Slab Top (thickness = hole_d)
cubit.cmd(f"create brick x {slab_w} y {hole_d} z {slab_w}")
v_slab_top = cubit.get_last_id("volume")
cubit.cmd(f"move volume {v_slab_top} y {-hole_d / 2.0}")

cubit.cmd(f"create cylinder height {hole_d} radius {hole_r}")
v_hole_tool = cubit.get_last_id("volume")
id_cyl_surf = cubit.get_last_id("surface") - 2
cubit.cmd(f"surface {id_cyl_surf} name 'surface_borehole'")

cubit.cmd(f"rotate volume {v_hole_tool} angle 90 about x")
cubit.cmd(f"move volume {v_hole_tool} y {-hole_d / 2.0}")

cubit.cmd(f"subtract volume {v_hole_tool} from volume {v_slab_top}")
v_slab_top = cubit.get_last_id("volume")
cubit.cmd(f"volume {v_slab_top} name 'concrete_top'")

# 2. Concrete Slab Bottom (solid portion)
cubit.cmd(f"create brick x {slab_w} y {slab_h - hole_d} z {slab_w}")
v_slab_bot = cubit.get_last_id("volume")
cubit.cmd(f"move volume {v_slab_bot} y {-hole_d - (slab_h - hole_d) / 2.0}")
cubit.cmd(f"volume {v_slab_bot} name 'concrete_bot'")

# 3. Adhesive Mortar (Hollow Cylinder)
cubit.cmd(f"create cylinder height {anchor_d} radius {hole_r}")
v_mortar_outer = cubit.get_last_id("volume")
id_mortar_surf = cubit.get_last_id("surface") - 2
cubit.cmd(f"surface {id_mortar_surf} name 'surface_mortar_outer'")
cubit.cmd(f"rotate volume {v_mortar_outer} angle 90 about x")
cubit.cmd(f"move volume {v_mortar_outer} y {-anchor_d / 2.0}")

cubit.cmd(f"create cylinder height {anchor_d} radius {anchor_r}")
v_mortar_inner = cubit.get_last_id("volume")
id_mortar_surf = cubit.get_last_id("surface") - 2
cubit.cmd(f"surface {id_mortar_surf} name 'surface_mortar_inner'")
cubit.cmd(f"rotate volume {v_mortar_inner} angle 90 about x")
cubit.cmd(f"move volume {v_mortar_inner} y {-anchor_d / 2.0}")

cubit.cmd(f"subtract volume {v_mortar_inner} from volume {v_mortar_outer}")
v_mortar = cubit.get_last_id("volume")
cubit.cmd(f"volume {v_mortar} name 'mortar'")

# 4. Steel Anchor (Solid Cylinder)
anchor_len = anchor_d + anchor_free_h
anchor_y_pos = (-anchor_d + anchor_free_h) / 2.0
cubit.cmd(f"create cylinder height {anchor_len} radius {anchor_r}")
v_anchor = cubit.get_last_id("volume")
id_anchor_surf = cubit.get_last_id("surface") - 2
cubit.cmd(f"surface {id_anchor_surf} name 'surface_anchor_outer'")
cubit.cmd(f"rotate volume {v_anchor} angle 90 about x")
cubit.cmd(f"move volume {v_anchor} y {anchor_y_pos}")
cubit.cmd(f"volume {v_anchor} name 'steel_anchor'")

# 5. Steel Plate
cubit.cmd(f"create brick x {plate_w} y {plate_h} z {plate_w}")
v_plate = cubit.get_last_id("volume")
cubit.cmd(f"move volume {v_plate} y {plate_h / 2.0}")

cubit.cmd(f"create cylinder height {plate_h} radius {anchor_r}")
v_plate_hole = cubit.get_last_id("volume")
cubit.cmd(f"rotate volume {v_plate_hole} angle 90 about x")
cubit.cmd(f"move volume {v_plate_hole} y {plate_h / 2.0}")

cubit.cmd(f"subtract volume {v_plate_hole} from volume {v_plate}")
v_plate = cubit.get_last_id("volume")
cubit.cmd(f"volume {v_plate} name 'steel_plate'")


# --- STRUCTURAL DECOMPOSITION FOR MESHING ---

# 1. Extend the borehole profile down through the bottom concrete block
cubit.cmd(f"webcut volume with name 'concrete_bot' cylinder radius {hole_r} axis y")

# 2. Create the larger inner refined region across all concrete blocks
cubit.cmd(f"webcut volume with name 'concrete_*' cylinder radius {refine_r} axis y")

cubit.cmd(f"webcut volume with name 'steel_plate' plane yplane offset {plate_cut_h}")

# --- SYMMETRY AND DECOMPOSITION ---

# 1. Exploit Z-Symmetry: Webcut along Z plane and delete the POSITIVE Z half to keep the other half
cubit.cmd("webcut volume all with plane zplane offset 0")

vols = cubit.parse_cubit_list("volume", "all")
vols_to_delete = []
for v in vols:
    cent = cubit.get_center_point("volume", v)
    if cent[2] > 0.01:  # Identify volumes on the positive Z side
        vols_to_delete.append(str(v))
        
if vols_to_delete:
    cubit.cmd(f"delete volume {' '.join(vols_to_delete)}")

# 2. Hex meshing decomposition: Webcut the remaining half-model with X-plane
cubit.cmd("webcut volume all with plane xplane offset 0")


# --- GROUPING ---
cubit.cmd("group 'grp_concrete' add volume with name 'concrete_*'")
cubit.cmd("group 'grp_mortar' add volume with name 'mortar*'")
cubit.cmd("group 'grp_steel' add volume with name 'steel_*'")

# --- TOPOLOGY & MESH CONSTRAINTS ---
cubit.cmd("imprint volume in grp_steel")

cubit.cmd("merge volume in grp_concrete")
cubit.cmd("merge volume in grp_mortar")
cubit.cmd("merge volume in grp_steel")


# --- MESH GENERATION ---
# Apply default mesh size for steel/mortar components
cubit.cmd(f"volume all size {mesh_size_steel}")

# Sort concrete volumes into inner vs outer sets based on radial distance
concrete_vols = cubit.parse_cubit_list("volume", "in grp_concrete")
inner_vols = []
outer_vols = []

for v in concrete_vols:
    bbox = cubit.get_bounding_box("volume", v)
    # Determine the maximum radial extent of this volume's bounding box
    max_r = max(abs(bbox[0]), abs(bbox[1]), abs(bbox[4]), abs(bbox[5]))
    
    # Add a small tolerance to account for floating point inaccuracies
    if max_r < refine_r + 0.1:
        inner_vols.append(str(v))
    else:
        outer_vols.append(str(v))

# Apply the respective mesh sizes
if inner_vols:
    cubit.cmd(f"volume {' '.join(inner_vols)} size {mesh_size_concrete_inner}")
if outer_vols:
    cubit.cmd(f"volume {' '.join(outer_vols)} size {mesh_size_concrete_outer}")


#special treatment for the height in the slab.
# select the front right curves in the slab and set a size there to control the height of the elements in the slab:
cubit.cmd(f"curve all in volume in grp_concrete expand with x_coord = {slab_w/2.0} tolerance 0.01 and z_coord = 0 tolerance 0.01 size 1.5")
#!cubit
curve 99 size 2
curve 99 scheme equal
